[2J[H[0;34;40m∞±[1;34;40m≤€[0;37;44m [1;33;44mÕÕ SMUGGLER OF ROME ÕÕ[0;37;44m                                                [1;34;40m€≤[0;34;40m±∞
[1;33;40m‹‹ Market ‹‹‹‹‹‹‹‹‹‹‹‹‹‹‹‹‹‹‹‹[1;36;40m‹‹ Status ‹‹‹‹‹‹‹‹‹‹‹‹‹‹‹‹‹‹‹‹‹‹‹‹‹‹‹‹‹‹‹‹‹‹‹‹‹‹‹
[1;33;40mﬁ[0;37;40m                            [1;33;40m›[1;36;40mﬁ[0;37;40m                                               [1;36;40m›
[1;33;40mﬁ[0;37;40m                            [1;33;40m›[1;36;40mﬁ[0;37;40m                                               [1;36;40m›
[1;33;40mﬁ[0;37;40m                            [1;33;40m›[1;36;40mﬁ[0;37;40m                                               [1;36;40m›
[1;33;40mﬁ[0;37;40m                            [1;33;40m›[1;36;40mﬁ[0;37;40m                                               [1;36;40m›
[1;33;40mﬁ[0;37;40m                            [1;33;40m›[1;36;40mﬂﬂﬂﬂﬂﬂﬂﬂﬂﬂﬂﬂﬂﬂﬂﬂﬂﬂﬂﬂﬂﬂﬂﬂﬂﬂﬂﬂﬂﬂﬂﬂﬂﬂﬂﬂﬂﬂﬂﬂﬂﬂﬂﬂﬂﬂﬂﬂﬂ
[1;33;40mﬁ[0;37;40m                            [1;33;40m›[0;36;40m‹‹[0;30;46m Actions [0;36;40m‹‹‹‹‹‹‹‹‹‹‹‹‹‹‹‹‹‹‹‹‹‹‹‹‹‹‹‹‹‹‹‹‹‹‹‹‹‹
[1;33;40mﬂﬂﬂﬂﬂﬂﬂﬂﬂﬂﬂﬂﬂﬂﬂﬂﬂﬂﬂﬂﬂﬂﬂﬂﬂﬂﬂﬂﬂﬂ[0;36;40mﬁ[0;37;40m                                               [0;36;40m›
[1;35;40m‹‹ Cargo ‹‹‹‹‹‹‹‹‹‹‹‹‹‹‹‹‹‹‹‹‹[0;36;40mﬁ[0;37;40m                                               [0;36;40m›
[1;35;40mﬁ[0;37;40m                            [1;35;40m›[0;36;40mﬁ[0;37;40m                                               [0;36;40m›
[1;35;40mﬁ[0;37;40m                            [1;35;40m›[0;36;40mﬂﬂﬂﬂﬂﬂﬂﬂﬂﬂﬂﬂﬂﬂﬂﬂﬂﬂﬂﬂﬂﬂﬂﬂﬂﬂﬂﬂﬂﬂﬂﬂﬂﬂﬂﬂﬂﬂﬂﬂﬂﬂﬂﬂﬂﬂﬂﬂﬂ
[1;35;40mﬁ[0;37;40m                            [1;35;40m›[1;37;40m‹‹ Street Word ‹‹‹‹‹‹‹‹‹‹‹‹‹‹‹‹‹‹‹‹‹‹‹‹‹‹‹‹‹‹‹‹‹‹
[1;35;40mﬁ[0;37;40m                            [1;35;40m›[1;37;40mﬁ[0;37;40m                                               [1;37;40m›
[1;35;40mﬁ[0;37;40m                            [1;35;40m›[1;37;40mﬁ[0;37;40m                                               [1;37;40m›
[1;35;40mﬁ[0;37;40m                            [1;35;40m›[1;37;40mﬁ[0;37;40m                                               [1;37;40m›
[1;35;40mﬁ[0;37;40m                            [1;35;40m›[1;37;40mﬁ[0;37;40m                                               [1;37;40m›
[1;35;40mﬂﬂﬂﬂﬂﬂﬂﬂﬂﬂﬂﬂﬂﬂﬂﬂﬂﬂﬂﬂﬂﬂﬂﬂﬂﬂﬂﬂﬂﬂ[1;37;40mﬁ[0;37;40m                                               [1;37;40m›
[0;37;40m   [0;31;40m∞…ÕÕÕÕÕÕÕÕÕÕÕÕÕÕÕÕÕÕÕÕª∞[0;37;40m   [1;37;40mﬁ[0;37;40m                                               [1;37;40m›
[0;37;40m    [0;31;40m∫[0;37;40m [0;33;40m≤[0;37;40m [0;31;40mS ˙ P ˙ Q ˙ R[0;37;40m  [0;33;40m≤[0;37;40m [0;31;40m∫[0;37;40m    [1;37;40mﬁ[0;37;40m                                               [1;37;40m›
[0;37;40m    [0;31;40m∫[0;37;40m [0;33;40m±[0;37;40m  [0;32;40mÕÕÕÕÕÕÕÕÕÕ[0;37;40m  [0;33;40m±[0;37;40m [0;31;40m∫[0;37;40m    [1;37;40mﬁ[0;37;40m                                               [1;37;40m›
[0;37;40m   [0;31;40m∞»ÕÕÕÕÕÕÕÕÕÕÕÕÕÕÕÕÕÕÕÕº∞[0;37;40m   [1;37;40mﬂﬂﬂﬂﬂﬂﬂﬂﬂﬂﬂﬂﬂﬂﬂﬂﬂﬂﬂﬂﬂﬂﬂﬂﬂﬂﬂﬂﬂﬂﬂﬂﬂﬂﬂﬂﬂﬂﬂﬂﬂﬂﬂﬂﬂﬂﬂﬂﬂ
[0;37;40m   [1;30;40m∞∞∞∞∞∞∞∞∞∞∞∞∞∞∞∞∞∞∞∞∞∞∞∞[0;37;40m                                                    [0m