[2J[H[0m                                      [36m‹‹
    ‹‹‹‹‹              ‹‹‹‹‹‹  ‹‹€   ﬂﬂﬂﬂ             ‹‹‹‹‹‹   ‹‹‹‹‹‹    [1;30m‹[0;36m‹‹‹[1;30m‹
   [0;36m€[1;37;46m∞±[0;36mﬂ[1;37;46m±[0;36;46m€[1;30;40m› [0;36m‹[1;37;46m∞±∞[0;36m˛[1;37;46m∞±∞[0;36m‹  [1;37;46m∞±∞[40m  [46m∞±∞[0;36mﬂ[1;37;46m∞±∞[40m   [46m∞±∞±[40m [0;36m‹[1;37;46m∞±∞[0;36m˛[1;37;46m∞±∞[0;36m‹  [1;37;46m∞±∞[40m  [46m∞±∞[40m [46m∞±∞[40m  [46m∞±∞[30;40m›[0;36m‹[1;37;46m∞±∞[0;36mﬂ[1;37;46m∞±∞[40m   [46m±≤±[40m ﬁ[46m≤±[40m› [46m±≤±[40m› ﬁ[46m±≤±[0;36m›ﬁ[1;37;46m±≤±[40m˛ﬂ[0;36mﬂ   [1;37;46m±≤±[40m  [0;36mﬁ[1;37;46m±≤±[0;36m› [1;37;46m±≤±[40m› ﬁ[46m±≤±[0;36m›ﬁ[1;37;46m±≤±[40m˛ﬂ[0;36mﬂ  ﬁ[1;37;46m±≤±[40m [30mﬁ[0m€ﬂ[1;30mﬂ [0;36m∞[1;37mﬂﬂ˛‹‹‹
 ﬁ[46m≤€[40m› [46m≤€≤[40m ﬁ[46m≤€≤[40m  [46m≤€≤€[40m ﬁ[46m≤€[40m›  [46m≤€≤[40mﬁ[46m≤€[40m›‹›ﬁ[46m≤€≤[40m›ﬁ[46m≤€≤[40m  [46m≤€≤€[40m ﬁ[46m≤€[40m›  [46m≤€≤[40mﬁ[46m≤€[40m›      [46m≤€≤[40m ﬁ[46m≤€[40m›  [0;35m‹[1;47m‹‹[0;35;47m‹‹‹‹[1;40m‹‹[0;35;47m‹‹‹[40m‹€[1;37mﬁ€€€›[0;35m‹‹[47m‹‹[1m‹‹[0;35;47m‹‹[1m‹[40m‹[47m‹‹[0;35;47m‹‹‹[40m‹[47m‹‹‹‹[40m‹[47m‹‹‹[40m‹‹[1;37mﬁ€€€›[0;35m‹‹[1;47m‹‹‹‹‹‹‹[40m‹[0;35m‹[47m‹‹[40m‹‹‹€[1;30;45mﬂ[0;35m‹[1m‹‹[0;35;47m‹[1m‹‹[0;35;47m‹‹[40m‹
    [1;30mﬂﬂ[0;35mﬂ         [1;37mﬂﬂﬂﬂ                [0;35mﬂ          [1;37mﬂﬂﬂﬂ            [30mﬂ    [0;35mﬂ
 
 
 
 
 
 
 
 
 
 
                                                                         
                                                                           
 ﬂﬂ[1mﬂ[0;35mﬂﬂﬂﬂﬂ[1mﬂ[0;35mﬂﬂﬂﬂﬂﬂﬂ[1mﬂﬂﬂﬂ[0;35mﬂﬂ[1mﬂ[0;35mﬂﬂﬂﬂﬂﬂﬂﬂﬂﬂﬂﬂﬂﬂﬂ[1;30mﬂﬂﬂﬂﬂ[0;35mﬂ[1;30mﬂ [0;35mﬂﬂ  ﬂﬂﬂﬂ[1;30mﬂﬂ[0;35mﬂﬂﬂﬂﬂﬂ[1;30mﬂﬂﬂﬂ[0;35mﬂﬂﬂﬂ ﬂ[1mﬂ[0;35mﬂ ﬂ